  $ ../../../../../install/default/bin/stanc --print-cpp eight_schools_ncp.stan

// Code generated by %%NAME%% %%VERSION%%
#include <stan/model/model_header.hpp>
namespace eight_schools_ncp_model_namespace {

using std::istream;
using std::string;
using std::stringstream;
using std::vector;
using stan::io::dump;
using stan::math::lgamma;
using stan::model::prob_grad;
using stan::model::assign;
using stan::model::cons_list;
using stan::model::index_uni;
using stan::model::index_max;
using stan::model::index_min;
using stan::model::index_min_max;
using stan::model::index_multi;
using stan::model::index_omni;
using stan::model::nil_index_list;
using namespace stan::math; 
static char* current_statement__;

class eight_schools_ncp_model : public prob_grad {

 private:
  int pos__;
  int J;
  std::vector<double> y;
  std::vector<double> sigma;
 
 public:
  ~eight_schools_ncp_model() { }
  
  static std::string model_name() { return "eight_schools_ncp_model"; }
  
  eight_schools_ncp_model(stan::io::var_context& context__,
                          unsigned int random_seed__ = 0,
                          std::ostream* pstream__ = nullptr) : prob_grad(0) {
    typedef double local_scalar_t__;
    boost::ecuyer1988 base_rng__ = 
        stan::services::util::create_rng(random_seed__, 0);
    (void) base_rng__;  // suppress unused var warning
    static const char* function__ = "eight_schools_ncp_model_namespace::eight_schools_ncp_model";
    (void) function__;  // suppress unused var warning
    
    
    J = context__.vals_i("J")[0];
    y = std::vector<double>(J, 0);
    
    pos__ = 1;
    for (size_t sym1__ = 1; sym1__ <= J; ++sym1__) {
      assign(y, cons_list(index_uni(sym1__), nil_index_list()), context__.vals_r("y")[(pos__ - 1)], "assigning variable y[sym1__]");
      pos__ = (pos__ + 1);}
    sigma = std::vector<double>(J, 0);
    
    pos__ = 1;
    for (size_t sym1__ = 1; sym1__ <= J; ++sym1__) {
      assign(sigma, cons_list(index_uni(sym1__), nil_index_list()), context__.vals_r("sigma")[(pos__ - 1)], "assigning variable sigma[sym1__]");
      pos__ = (pos__ + 1);}
    check_greater_or_equal(function__, "J", J, 0);
    for (size_t sym1__ = 1; sym1__ <= J; ++sym1__) {
      check_greater_or_equal(function__, "sigma[sym1__]",
                             sigma[(sym1__ - 1)], 0);}
    num_params_r__ = 0U;
    num_params_r__ += 1;
    num_params_r__ += 1;
    num_params_r__ += J;
    
  }
  template <bool propto__, bool jacobian__, typename T__>
  T__ log_prob(std::vector<T__>& params_r__, std::vector<int>& params_i__,
               std::ostream* pstream__ = 0) const {
    typedef T__ local_scalar_t__;
    local_scalar_t__ DUMMY_VAR__(std::numeric_limits<double>::quiet_NaN());
    (void) DUMMY_VAR__;  // suppress unused var warning

    T__ lp__(0.0);
    stan::math::accumulator<T__> lp_accum__;
    static const char* function__ = "eight_schools_ncp_model_namespace::log_prob";
(void) function__;  // suppress unused var warning

    stan::io::reader<local_scalar_t__> in__(params_r__, params_i__);
    {
      local_scalar_t__ mu;
      
      mu = in__.scalar();
      local_scalar_t__ tau;
      
      tau = in__.scalar();
      if (jacobian__) {
        tau = lb_constrain(tau, 0, lp__);
      } else tau = lb_constrain(tau, 0);
      std::vector<local_scalar_t__> theta_tilde;
      theta_tilde = std::vector<local_scalar_t__>(J, 0);
      
      for (size_t sym1__ = 1; sym1__ <= J; ++sym1__) {
        assign(theta_tilde, cons_list(index_uni(sym1__), nil_index_list()), in__.scalar(
               ), "assigning variable theta_tilde[sym1__]");}
      std::vector<local_scalar_t__> theta;
      theta = std::vector<local_scalar_t__>(J, 0);
      
      for (size_t j = 1; j <= J; ++j) {
        assign(theta, cons_list(index_uni(j), nil_index_list()), (mu + (tau * theta_tilde[(j - 1)])), "assigning variable theta[j]");
      }
      {
        lp_accum__.add(normal_log<propto__>(mu, 0, 5));
        lp_accum__.add(cauchy_log<propto__>(tau, 0, 5));
        lp_accum__.add(normal_log<propto__>(theta_tilde, 0, 1));
        lp_accum__.add(normal_log<propto__>(y, theta, sigma));
      }
    }
    lp_accum__.add(lp__);
    return lp_accum__.sum();
    } // log_prob() 
    
  void get_param_names(std::vector<std::string>& names__) const {
    
    names__.resize(0);
    names__.push_back("mu");
    names__.push_back("tau");
    names__.push_back("theta_tilde");
    names__.push_back("theta");
    } // get_param_names() 
    
  void get_dims(std::vector<std::vector<size_t>>& dimss__) const {
    dimss__.resize(0);
    std::vector<size_t> dims__;
    dimss__.push_back(dims__);
    dims__.resize(0);
    dimss__.push_back(dims__);
    dims__.resize(0);
    dims__.push_back(J);
    dimss__.push_back(dims__);
    dims__.resize(0);
    dims__.push_back(J);
    dimss__.push_back(dims__);
    dims__.resize(0);
    
    } // get_dims() 
    
  template <typename RNG>
  void write_array(RNG& base_rng__, std::vector<double>& params_r__,
                   std::vector<int>& params_i__, std::vector<double>& vars__,
                   bool emit_transformed_parameters__ = true,
                   bool emit_generated_quantities__ = true,
                   std::ostream* pstream__ = 0) const {
    typedef double local_scalar_t__;
    vars__.resize(0);
    stan::io::reader<local_scalar_t__> in__(params_r__, params_i__);
    static const char* function__ = "eight_schools_ncp_model_namespace::write_array";
(void) function__;  // suppress unused var warning

    (void) function__;  // suppress unused var warning

    {
      double mu;
      
      mu = in__.scalar();
      double tau;
      
      tau = in__.scalar();
      tau = lb_constrain(tau, 0);
      std::vector<double> theta_tilde;
      theta_tilde = std::vector<double>(J, 0);
      
      for (size_t sym1__ = 1; sym1__ <= J; ++sym1__) {
        assign(theta_tilde, cons_list(index_uni(sym1__), nil_index_list()), in__.scalar(
               ), "assigning variable theta_tilde[sym1__]");}
      vars__.push_back(mu);
      vars__.push_back(tau);
      for (size_t sym1__ = 1; sym1__ <= J; ++sym1__) {
        vars__.push_back(theta_tilde[(sym1__ - 1)]);}
      std::vector<double> theta;
      theta = std::vector<double>(J, 0);
      
      if (emit_transformed_parameters__) {
        for (size_t j = 1; j <= J; ++j) {
          assign(theta, cons_list(index_uni(j), nil_index_list()), (mu + (tau * theta_tilde[(j - 1)])), "assigning variable theta[j]");
        }
        for (size_t sym1__ = 1; sym1__ <= J; ++sym1__) {
          vars__.push_back(theta[(sym1__ - 1)]);}
      } 
    }
    } // write_array() 
    
  void constrained_param_names(std::vector<std::string>& param_names__,
                               bool emit_transformed_parameters__ = true,
                               bool emit_generated_quantities__ = true) const {
    
    param_names__.push_back(std::string() + "mu");
    param_names__.push_back(std::string() + "tau");
    for (size_t sym1__ = 1; sym1__ <= J; ++sym1__) {
      {
        param_names__.push_back(std::string() + "theta_tilde" + '.' + std::to_string(sym1__));
      }}
    if (emit_transformed_parameters__) {
      for (size_t sym1__ = 1; sym1__ <= J; ++sym1__) {
        {
          param_names__.push_back(std::string() + "theta" + '.' + std::to_string(sym1__));
        }}
    }
    
    if (emit_generated_quantities__) {
      
    }
    
    } // constrained_param_names() 
    
  void unconstrained_param_names(std::vector<std::string>& param_names__,
                                 bool emit_transformed_parameters__ = true,
                                 bool emit_generated_quantities__ = true) const {
    
    param_names__.push_back(std::string() + "mu");
    param_names__.push_back(std::string() + "tau");
    for (size_t sym1__ = 1; sym1__ <= J; ++sym1__) {
      {
        param_names__.push_back(std::string() + "theta_tilde" + '.' + std::to_string(sym1__));
      }}
    if (emit_transformed_parameters__) {
      for (size_t sym1__ = 1; sym1__ <= J; ++sym1__) {
        {
          param_names__.push_back(std::string() + "theta" + '.' + std::to_string(sym1__));
        }}
    }
    
    if (emit_generated_quantities__) {
      
    }
    
    } // unconstrained_param_names() 
    
  void transform_inits(const stan::io::var_context& context__,
                       std::vector<int>& params_i__,
                       std::vector<double>& params_r__,
                       std::ostream* pstream__) const {
    typedef double local_scalar_t__;
    stan::io::writer<double> writer__(params_r__, params_i__);
    std::vector<double> vals_r__;
    std::vector<int> vals_i__;
    {
      int pos__;
      
      double mu;
      
      mu = context__.vals_r("mu")[0];
      double tau;
      
      tau = context__.vals_r("tau")[0];
      tau = lb_free(tau, 0);
      std::vector<double> theta_tilde;
      theta_tilde = std::vector<double>(J, 0);
      
      pos__ = 1;
      for (size_t sym1__ = 1; sym1__ <= J; ++sym1__) {
        assign(theta_tilde, cons_list(index_uni(sym1__), nil_index_list()), context__.vals_r("theta_tilde")[(pos__ - 1)], "assigning variable theta_tilde[sym1__]");
        pos__ = (pos__ + 1);}
    }
    } // transform_inits() 
    
  
    template <typename RNG>
    void write_array(RNG& base_rng__,
                     Eigen::Matrix<double,Eigen::Dynamic,1>& params_r,
                     Eigen::Matrix<double,Eigen::Dynamic,1>& vars,
                     bool emit_transformed_parameters__ = true,
                     bool emit_generated_quantities__ = true,
                     std::ostream* pstream = 0) const {
      std::vector<double> params_r_vec(params_r.size());
      for (int i = 0; i < params_r.size(); ++i)
        params_r_vec[i] = params_r(i);
      std::vector<double> vars_vec;
      std::vector<int> params_i_vec;
      write_array(base_rng__, params_r_vec, params_i_vec, vars_vec,
          emit_transformed_parameters__, emit_generated_quantities__, pstream);
      vars.resize(vars_vec.size());
      for (int i = 0; i < vars.size(); ++i)
        vars(i) = vars_vec[i];
    }

    template <bool propto__, bool jacobian__, typename T_>
    T_ log_prob(Eigen::Matrix<T_,Eigen::Dynamic,1>& params_r,
               std::ostream* pstream = 0) const {
      std::vector<T_> vec_params_r;
      vec_params_r.reserve(params_r.size());
      for (int i = 0; i < params_r.size(); ++i)
        vec_params_r.push_back(params_r(i));
      std::vector<int> vec_params_i;
      return log_prob<propto__,jacobian__,T_>(vec_params_r, vec_params_i, pstream);
    }

};
}

typedef eight_schools_ncp_model_namespace::eight_schools_ncp_model stan_model;

  $ ../../../../../install/default/bin/stanc --print-cpp one_var_per_block.stan

// Code generated by %%NAME%% %%VERSION%%
#include <stan/model/model_header.hpp>
namespace one_var_per_block_model_namespace {

using std::istream;
using std::string;
using std::stringstream;
using std::vector;
using stan::io::dump;
using stan::math::lgamma;
using stan::model::prob_grad;
using stan::model::assign;
using stan::model::cons_list;
using stan::model::index_uni;
using stan::model::index_max;
using stan::model::index_min;
using stan::model::index_min_max;
using stan::model::index_multi;
using stan::model::index_omni;
using stan::model::nil_index_list;
using namespace stan::math; 
static char* current_statement__;
template <typename T0__, typename T1__>
typename boost::math::tools::promote_args<T0__, T1__>::type
udf1(const T0__& a, const T1__& b, std::ostream* pstream__) {
  typedef typename boost::math::tools::promote_args<T0__,
          T1__>::type local_scalar_t__;
  typedef local_scalar_t__ fun_return_scalar_t__;
  const static bool propto__ = true;
  (void) propto__;
  local_scalar_t__ DUMMY_VAR__(std::numeric_limits<double>::quiet_NaN());
  (void) DUMMY_VAR__;  // suppress unused var warning
  {
    return (a + b);
  }
  
}

struct udf1_functor__ {
template <typename T0__, typename T1__>
typename boost::math::tools::promote_args<T0__, T1__>::type
operator()(const T0__& a, const T1__& b, std::ostream* pstream__)  const 
{
return udf1(a, b, pstream__);
}
};

class one_var_per_block_model : public prob_grad {

 private:
  int pos__;
  int N;
  int K;
  std::vector<Eigen::Matrix<double, -1, 1>> datavar;
  std::vector<std::vector<double>> tdatavar;
 
 public:
  ~one_var_per_block_model() { }
  
  static std::string model_name() { return "one_var_per_block_model"; }
  
  one_var_per_block_model(stan::io::var_context& context__,
                          unsigned int random_seed__ = 0,
                          std::ostream* pstream__ = nullptr) : prob_grad(0) {
    typedef double local_scalar_t__;
    boost::ecuyer1988 base_rng__ = 
        stan::services::util::create_rng(random_seed__, 0);
    (void) base_rng__;  // suppress unused var warning
    static const char* function__ = "one_var_per_block_model_namespace::one_var_per_block_model";
    (void) function__;  // suppress unused var warning
    
    
    N = context__.vals_i("N")[0];
    
    K = context__.vals_i("K")[0];
    datavar = std::vector<Eigen::Matrix<double, -1, 1>>(K, Eigen::Matrix<double, -1, 1>(N));
    
    pos__ = 1;
    for (size_t sym2__ = 1; sym2__ <= N; ++sym2__) {
      for (size_t sym1__ = 1; sym1__ <= K; ++sym1__) {
        assign(datavar, cons_list(index_uni(sym1__), cons_list(index_uni(sym2__), nil_index_list())), context__.vals_r("datavar")[(pos__ - 1)], "assigning variable datavar[sym1__, sym2__]");
        pos__ = (pos__ + 1);}}
    tdatavar = std::vector<std::vector<double>>(1, std::vector<double>(1, 0));
    
    tdatavar = {{2.0}};
    for (size_t sym1__ = 1; sym1__ <= K; ++sym1__) {
      for (size_t sym2__ = 1; sym2__ <= N; ++sym2__) {
        check_greater_or_equal(function__, "datavar[sym1__, sym2__]",
                               datavar[(sym1__ - 1)].coeff((sym2__ - 1)), 0);
      }}
    for (size_t sym1__ = 1; sym1__ <= 1; ++sym1__) {
      for (size_t sym2__ = 1; sym2__ <= 1; ++sym2__) {
        check_greater_or_equal(function__, "tdatavar[sym1__, sym2__]",
                               tdatavar[(sym1__ - 1)][(sym2__ - 1)], 0);}}
    num_params_r__ = 0U;
    num_params_r__ += K * N;
    num_params_r__ += K * (K + 1) * N * N;
    
  }
  template <bool propto__, bool jacobian__, typename T__>
  T__ log_prob(std::vector<T__>& params_r__, std::vector<int>& params_i__,
               std::ostream* pstream__ = 0) const {
    typedef T__ local_scalar_t__;
    local_scalar_t__ DUMMY_VAR__(std::numeric_limits<double>::quiet_NaN());
    (void) DUMMY_VAR__;  // suppress unused var warning

    T__ lp__(0.0);
    stan::math::accumulator<T__> lp_accum__;
    static const char* function__ = "one_var_per_block_model_namespace::log_prob";
(void) function__;  // suppress unused var warning

    stan::io::reader<local_scalar_t__> in__(params_r__, params_i__);
    {
      std::vector<Eigen::Matrix<local_scalar_t__, -1, 1>> param;
      param = std::vector<Eigen::Matrix<local_scalar_t__, -1, 1>>(K, Eigen::Matrix<local_scalar_t__, -1, 1>(N));
      
      for (size_t sym1__ = 1; sym1__ <= K; ++sym1__) {
        assign(param, cons_list(index_uni(sym1__), nil_index_list()), in__.vector(
               N), "assigning variable param[sym1__]");}
      for (size_t sym1__ = 1; sym1__ <= K; ++sym1__) {
        for (size_t sym2__ = 1; sym2__ <= N; ++sym2__) {
          if (jacobian__) {
            assign(param, cons_list(index_uni(sym1__), cons_list(index_uni(sym2__), nil_index_list())), lb_constrain(
                   param[(sym1__ - 1)].coeff((sym2__ - 1)), 0, lp__), "assigning variable param[sym1__, sym2__]");
          } else assign(param, cons_list(index_uni(sym1__), cons_list(index_uni(sym2__), nil_index_list())), lb_constrain(
                        param[(sym1__ - 1)].coeff((sym2__ - 1)), 0), "assigning variable param[sym1__, sym2__]");
        }}
      std::vector<std::vector<Eigen::Matrix<local_scalar_t__, -1, -1>>> matparam;
      matparam = std::vector<std::vector<Eigen::Matrix<local_scalar_t__, -1, -1>>>(K, std::vector<Eigen::Matrix<local_scalar_t__, -1, -1>>((K + 1), Eigen::Matrix<local_scalar_t__, -1, -1>(N, N)));
      
      for (size_t sym1__ = 1; sym1__ <= K; ++sym1__) {
        for (size_t sym2__ = 1; sym2__ <= (K + 1); ++sym2__) {
          assign(matparam, cons_list(index_uni(sym1__), cons_list(index_uni(sym2__), nil_index_list())), in__.matrix(
                 N, N), "assigning variable matparam[sym1__, sym2__]");}}
      for (size_t sym1__ = 1; sym1__ <= K; ++sym1__) {
        for (size_t sym2__ = 1; sym2__ <= (K + 1); ++sym2__) {
          for (size_t sym3__ = 1; sym3__ <= (N * N); ++sym3__) {
            if (jacobian__) {
              assign(matparam, cons_list(index_uni(sym1__), cons_list(index_uni(sym2__), cons_list(index_uni(sym3__), nil_index_list()))), lb_constrain(
                     matparam[(sym1__ - 1)][(sym2__ - 1)].coeff((sym3__ - 1)),
                     0, lp__), "assigning variable matparam[sym1__, sym2__, sym3__]");
            } else assign(matparam, cons_list(index_uni(sym1__), cons_list(index_uni(sym2__), cons_list(index_uni(sym3__), nil_index_list()))), lb_constrain(
                          matparam[(sym1__ - 1)][(sym2__ - 1)].coeff((sym3__ - 1)),
                          0), "assigning variable matparam[sym1__, sym2__, sym3__]");
          }}}
      std::vector<Eigen::Matrix<local_scalar_t__, -1, 1>> tparam;
      tparam = std::vector<Eigen::Matrix<local_scalar_t__, -1, 1>>(K, Eigen::Matrix<local_scalar_t__, -1, 1>(N));
      
      for (size_t n = 1; n <= N; ++n) {
        assign(tparam, cons_list(index_uni(n), nil_index_list()), multiply(param[(n - 1)], 2), "assigning variable tparam[n]");
      }
      for (size_t sym1__ = 1; sym1__ <= K; ++sym1__) {
        for (size_t sym2__ = 1; sym2__ <= N; ++sym2__) {
          check_greater_or_equal(function__, "tparam[sym1__, sym2__]",
                                 tparam[(sym1__ - 1)].coeff((sym2__ - 1)), 0);
        }}
      {
        std::vector<Eigen::Matrix<local_scalar_t__, -1, 1>> modellocal;
        modellocal = std::vector<Eigen::Matrix<local_scalar_t__, -1, 1>>(K, Eigen::Matrix<local_scalar_t__, -1, 1>(N));
        
        for (size_t n = 1; n <= N; ++n) {
          assign(modellocal, cons_list(index_uni(n), nil_index_list()), multiply(tparam[(n - 1)], 2), "assigning variable modellocal[n]");
        }
        lp_accum__.add(normal_lpdf<false>(0, 0, 1));
      }
    }
    lp_accum__.add(lp__);
    return lp_accum__.sum();
    } // log_prob() 
    
  void get_param_names(std::vector<std::string>& names__) const {
    
    names__.resize(0);
    names__.push_back("param");
    names__.push_back("matparam");
    names__.push_back("tparam");
    names__.push_back("gq");
    } // get_param_names() 
    
  void get_dims(std::vector<std::vector<size_t>>& dimss__) const {
    dimss__.resize(0);
    std::vector<size_t> dims__;
    dims__.push_back(K);
    
    dims__.push_back(N);
    dimss__.push_back(dims__);
    dims__.resize(0);
    dims__.push_back(K);
    
    dims__.push_back((K + 1));
    
    dims__.push_back(N);
    
    dims__.push_back(N);
    dimss__.push_back(dims__);
    dims__.resize(0);
    dims__.push_back(K);
    
    dims__.push_back(N);
    dimss__.push_back(dims__);
    dims__.resize(0);
    dims__.push_back(K);
    
    dims__.push_back(N);
    dimss__.push_back(dims__);
    dims__.resize(0);
    
    } // get_dims() 
    
  template <typename RNG>
  void write_array(RNG& base_rng__, std::vector<double>& params_r__,
                   std::vector<int>& params_i__, std::vector<double>& vars__,
                   bool emit_transformed_parameters__ = true,
                   bool emit_generated_quantities__ = true,
                   std::ostream* pstream__ = 0) const {
    typedef double local_scalar_t__;
    vars__.resize(0);
    stan::io::reader<local_scalar_t__> in__(params_r__, params_i__);
    static const char* function__ = "one_var_per_block_model_namespace::write_array";
(void) function__;  // suppress unused var warning

    (void) function__;  // suppress unused var warning

    {
      std::vector<Eigen::Matrix<double, -1, 1>> param;
      param = std::vector<Eigen::Matrix<double, -1, 1>>(K, Eigen::Matrix<double, -1, 1>(N));
      
      for (size_t sym1__ = 1; sym1__ <= K; ++sym1__) {
        assign(param, cons_list(index_uni(sym1__), nil_index_list()), in__.vector(
               N), "assigning variable param[sym1__]");}
      for (size_t sym1__ = 1; sym1__ <= K; ++sym1__) {
        for (size_t sym2__ = 1; sym2__ <= N; ++sym2__) {
          assign(param, cons_list(index_uni(sym1__), cons_list(index_uni(sym2__), nil_index_list())), lb_constrain(
                 param[(sym1__ - 1)].coeff((sym2__ - 1)), 0), "assigning variable param[sym1__, sym2__]");
        }}
      std::vector<std::vector<Eigen::Matrix<double, -1, -1>>> matparam;
      matparam = std::vector<std::vector<Eigen::Matrix<double, -1, -1>>>(K, std::vector<Eigen::Matrix<double, -1, -1>>((K + 1), Eigen::Matrix<double, -1, -1>(N, N)));
      
      for (size_t sym1__ = 1; sym1__ <= K; ++sym1__) {
        for (size_t sym2__ = 1; sym2__ <= (K + 1); ++sym2__) {
          assign(matparam, cons_list(index_uni(sym1__), cons_list(index_uni(sym2__), nil_index_list())), in__.matrix(
                 N, N), "assigning variable matparam[sym1__, sym2__]");}}
      for (size_t sym1__ = 1; sym1__ <= K; ++sym1__) {
        for (size_t sym2__ = 1; sym2__ <= (K + 1); ++sym2__) {
          for (size_t sym3__ = 1; sym3__ <= (N * N); ++sym3__) {
            assign(matparam, cons_list(index_uni(sym1__), cons_list(index_uni(sym2__), cons_list(index_uni(sym3__), nil_index_list()))), lb_constrain(
                   matparam[(sym1__ - 1)][(sym2__ - 1)].coeff((sym3__ - 1)),
                   0), "assigning variable matparam[sym1__, sym2__, sym3__]");
          }}}
      for (size_t sym2__ = 1; sym2__ <= N; ++sym2__) {
        for (size_t sym1__ = 1; sym1__ <= K; ++sym1__) {
          vars__.push_back(param[(sym1__ - 1)].coeff((sym2__ - 1)));}}
      for (size_t sym3__ = 1; sym3__ <= (N * N); ++sym3__) {
        for (size_t sym2__ = 1; sym2__ <= (K + 1); ++sym2__) {
          for (size_t sym1__ = 1; sym1__ <= K; ++sym1__) {
            vars__.push_back(matparam[(sym1__ - 1)][(sym2__ - 1)].coeff((sym3__ - 1)));
          }}}
      std::vector<Eigen::Matrix<double, -1, 1>> tparam;
      tparam = std::vector<Eigen::Matrix<double, -1, 1>>(K, Eigen::Matrix<double, -1, 1>(N));
      
      if (emit_transformed_parameters__) {
        for (size_t sym1__ = 1; sym1__ <= K; ++sym1__) {
          for (size_t sym2__ = 1; sym2__ <= N; ++sym2__) {
            check_greater_or_equal(function__, "tparam[sym1__, sym2__]",
                                   tparam[(sym1__ - 1)].coeff((sym2__ - 1)),
                                   0);}}
        for (size_t n = 1; n <= N; ++n) {
          assign(tparam, cons_list(index_uni(n), nil_index_list()), multiply(param[(n - 1)], 2), "assigning variable tparam[n]");
        }
        for (size_t sym2__ = 1; sym2__ <= N; ++sym2__) {
          for (size_t sym1__ = 1; sym1__ <= K; ++sym1__) {
            vars__.push_back(tparam[(sym1__ - 1)].coeff((sym2__ - 1)));}}
      } 
      std::vector<Eigen::Matrix<double, -1, 1>> gq;
      gq = std::vector<Eigen::Matrix<double, -1, 1>>(K, Eigen::Matrix<double, -1, 1>(N));
      
      if (emit_generated_quantities__) {
        for (size_t sym1__ = 1; sym1__ <= K; ++sym1__) {
          for (size_t sym2__ = 1; sym2__ <= N; ++sym2__) {
            check_greater_or_equal(function__, "gq[sym1__, sym2__]",
                                   gq[(sym1__ - 1)].coeff((sym2__ - 1)), 0);}
        }
        for (size_t n = 1; n <= N; ++n) {
          assign(gq, cons_list(index_uni(n), nil_index_list()), add(tparam[(n - 1)], param[(n - 1)]), "assigning variable gq[n]");
        }
        for (size_t sym2__ = 1; sym2__ <= N; ++sym2__) {
          for (size_t sym1__ = 1; sym1__ <= K; ++sym1__) {
            vars__.push_back(gq[(sym1__ - 1)].coeff((sym2__ - 1)));}}
      } 
    }
    } // write_array() 
    
  void constrained_param_names(std::vector<std::string>& param_names__,
                               bool emit_transformed_parameters__ = true,
                               bool emit_generated_quantities__ = true) const {
    
    for (size_t sym1__ = 1; sym1__ <= N; ++sym1__) {
      {
        for (size_t sym2__ = 1; sym2__ <= K; ++sym2__) {
          {
            param_names__.push_back(std::string() + "param" + '.' + std::to_string(sym2__) + '.' + std::to_string(sym1__));
          }}
      }}
    for (size_t sym1__ = 1; sym1__ <= N; ++sym1__) {
      {
        for (size_t sym2__ = 1; sym2__ <= N; ++sym2__) {
          {
            for (size_t sym3__ = 1; sym3__ <= (K + 1); ++sym3__) {
              {
                for (size_t sym4__ = 1; sym4__ <= K; ++sym4__) {
                  {
                    param_names__.push_back(std::string() + "matparam" + '.' + std::to_string(sym4__) + '.' + std::to_string(sym3__) + '.' + std::to_string(sym2__) + '.' + std::to_string(sym1__));
                  }}
              }}
          }}
      }}
    if (emit_transformed_parameters__) {
      for (size_t sym1__ = 1; sym1__ <= N; ++sym1__) {
        {
          for (size_t sym2__ = 1; sym2__ <= K; ++sym2__) {
            {
              param_names__.push_back(std::string() + "tparam" + '.' + std::to_string(sym2__) + '.' + std::to_string(sym1__));
            }}
        }}
    }
    
    if (emit_generated_quantities__) {
      for (size_t sym1__ = 1; sym1__ <= N; ++sym1__) {
        {
          for (size_t sym2__ = 1; sym2__ <= K; ++sym2__) {
            {
              param_names__.push_back(std::string() + "gq" + '.' + std::to_string(sym2__) + '.' + std::to_string(sym1__));
            }}
        }}
    }
    
    } // constrained_param_names() 
    
  void unconstrained_param_names(std::vector<std::string>& param_names__,
                                 bool emit_transformed_parameters__ = true,
                                 bool emit_generated_quantities__ = true) const {
    
    for (size_t sym1__ = 1; sym1__ <= N; ++sym1__) {
      {
        for (size_t sym2__ = 1; sym2__ <= K; ++sym2__) {
          {
            param_names__.push_back(std::string() + "param" + '.' + std::to_string(sym2__) + '.' + std::to_string(sym1__));
          }}
      }}
    for (size_t sym1__ = 1; sym1__ <= N; ++sym1__) {
      {
        for (size_t sym2__ = 1; sym2__ <= N; ++sym2__) {
          {
            for (size_t sym3__ = 1; sym3__ <= (K + 1); ++sym3__) {
              {
                for (size_t sym4__ = 1; sym4__ <= K; ++sym4__) {
                  {
                    param_names__.push_back(std::string() + "matparam" + '.' + std::to_string(sym4__) + '.' + std::to_string(sym3__) + '.' + std::to_string(sym2__) + '.' + std::to_string(sym1__));
                  }}
              }}
          }}
      }}
    if (emit_transformed_parameters__) {
      for (size_t sym1__ = 1; sym1__ <= N; ++sym1__) {
        {
          for (size_t sym2__ = 1; sym2__ <= K; ++sym2__) {
            {
              param_names__.push_back(std::string() + "tparam" + '.' + std::to_string(sym2__) + '.' + std::to_string(sym1__));
            }}
        }}
    }
    
    if (emit_generated_quantities__) {
      for (size_t sym1__ = 1; sym1__ <= N; ++sym1__) {
        {
          for (size_t sym2__ = 1; sym2__ <= K; ++sym2__) {
            {
              param_names__.push_back(std::string() + "gq" + '.' + std::to_string(sym2__) + '.' + std::to_string(sym1__));
            }}
        }}
    }
    
    } // unconstrained_param_names() 
    
  void transform_inits(const stan::io::var_context& context__,
                       std::vector<int>& params_i__,
                       std::vector<double>& params_r__,
                       std::ostream* pstream__) const {
    typedef double local_scalar_t__;
    stan::io::writer<double> writer__(params_r__, params_i__);
    std::vector<double> vals_r__;
    std::vector<int> vals_i__;
    {
      int pos__;
      
      std::vector<Eigen::Matrix<double, -1, 1>> param;
      param = std::vector<Eigen::Matrix<double, -1, 1>>(K, Eigen::Matrix<double, -1, 1>(N));
      
      pos__ = 1;
      for (size_t sym2__ = 1; sym2__ <= N; ++sym2__) {
        for (size_t sym1__ = 1; sym1__ <= K; ++sym1__) {
          assign(param, cons_list(index_uni(sym1__), cons_list(index_uni(sym2__), nil_index_list())), context__.vals_r("param")[(pos__ - 1)], "assigning variable param[sym1__, sym2__]");
          pos__ = (pos__ + 1);}}
      for (size_t sym1__ = 1; sym1__ <= K; ++sym1__) {
        for (size_t sym2__ = 1; sym2__ <= N; ++sym2__) {
          assign(param, cons_list(index_uni(sym1__), cons_list(index_uni(sym2__), nil_index_list())), lb_free(
                 param[(sym1__ - 1)].coeff((sym2__ - 1)), 0), "assigning variable param[sym1__, sym2__]");
        }}
      std::vector<std::vector<Eigen::Matrix<double, -1, -1>>> matparam;
      matparam = std::vector<std::vector<Eigen::Matrix<double, -1, -1>>>(K, std::vector<Eigen::Matrix<double, -1, -1>>((K + 1), Eigen::Matrix<double, -1, -1>(N, N)));
      
      pos__ = 1;
      for (size_t sym3__ = 1; sym3__ <= (N * N); ++sym3__) {
        for (size_t sym2__ = 1; sym2__ <= (K + 1); ++sym2__) {
          for (size_t sym1__ = 1; sym1__ <= K; ++sym1__) {
            assign(matparam, cons_list(index_uni(sym1__), cons_list(index_uni(sym2__), cons_list(index_uni(sym3__), nil_index_list()))), context__.vals_r("matparam")[(pos__ - 1)], "assigning variable matparam[sym1__, sym2__, sym3__]");
            pos__ = (pos__ + 1);}}}
      for (size_t sym1__ = 1; sym1__ <= K; ++sym1__) {
        for (size_t sym2__ = 1; sym2__ <= (K + 1); ++sym2__) {
          for (size_t sym3__ = 1; sym3__ <= (N * N); ++sym3__) {
            assign(matparam, cons_list(index_uni(sym1__), cons_list(index_uni(sym2__), cons_list(index_uni(sym3__), nil_index_list()))), lb_free(
                   matparam[(sym1__ - 1)][(sym2__ - 1)].coeff((sym3__ - 1)),
                   0), "assigning variable matparam[sym1__, sym2__, sym3__]");
          }}}
    }
    } // transform_inits() 
    
  
    template <typename RNG>
    void write_array(RNG& base_rng__,
                     Eigen::Matrix<double,Eigen::Dynamic,1>& params_r,
                     Eigen::Matrix<double,Eigen::Dynamic,1>& vars,
                     bool emit_transformed_parameters__ = true,
                     bool emit_generated_quantities__ = true,
                     std::ostream* pstream = 0) const {
      std::vector<double> params_r_vec(params_r.size());
      for (int i = 0; i < params_r.size(); ++i)
        params_r_vec[i] = params_r(i);
      std::vector<double> vars_vec;
      std::vector<int> params_i_vec;
      write_array(base_rng__, params_r_vec, params_i_vec, vars_vec,
          emit_transformed_parameters__, emit_generated_quantities__, pstream);
      vars.resize(vars_vec.size());
      for (int i = 0; i < vars.size(); ++i)
        vars(i) = vars_vec[i];
    }

    template <bool propto__, bool jacobian__, typename T_>
    T_ log_prob(Eigen::Matrix<T_,Eigen::Dynamic,1>& params_r,
               std::ostream* pstream = 0) const {
      std::vector<T_> vec_params_r;
      vec_params_r.reserve(params_r.size());
      for (int i = 0; i < params_r.size(); ++i)
        vec_params_r.push_back(params_r(i));
      std::vector<int> vec_params_i;
      return log_prob<propto__,jacobian__,T_>(vec_params_r, vec_params_i, pstream);
    }

};
}

typedef one_var_per_block_model_namespace::one_var_per_block_model stan_model;

